{
  "failed_checks": [
    {
      "file": "/../../modules/elasticsearch/elasticsearch.tf",
      "findings": [
        {
          "resource": "module.ef-cms_apis.module.elasticsearch_alpha.aws_opensearch_domain.efcms-search",
          "check_ids": [
            "CKV2_AWS_52",
            "CKV2_AWS_59",
            "CKV_AWS_137",
            "CKV_AWS_248",
            "CKV_AWS_317",
            "CKV_AWS_318",
            "CKV_AWS_228"
          ]
        },
        {
          "resource": "module.ef-cms_apis.module.elasticsearch_beta.aws_opensearch_domain.efcms-search",
          "check_ids": [
            "CKV2_AWS_52",
            "CKV2_AWS_59",
            "CKV_AWS_137",
            "CKV_AWS_248",
            "CKV_AWS_317",
            "CKV_AWS_318",
            "CKV_AWS_228"
          ]
        }
      ]
    },
    {
      "file": "/../../modules/waf/main.tf",
      "findings": [
        {
          "resource": "module.ef-cms_apis.module.api-east-waf.aws_wafv2_web_acl.apis",
          "check_ids": [
            "CKV_AWS_192"
          ]
        }
      ]
    }
  ]
}
